0 verbose cli /usr/local/bin/node /usr/local/bin/npm
1 info using npm@10.5.0
2 info using node@v20.12.2
3 timing npm:load:whichnode Completed in 2ms
4 timing config:load:defaults Completed in 1ms
5 timing config:load:file:/usr/local/lib/node_modules/npm/npmrc Completed in 1ms
6 timing config:load:builtin Completed in 1ms
7 timing config:load:cli Completed in 1ms
8 timing config:load:env Completed in 0ms
9 timing config:load:project Completed in 2ms
10 timing config:load:file:/root/.npmrc Completed in 4ms
11 timing config:load:user Completed in 4ms
12 timing config:load:file:/usr/local/etc/npmrc Completed in 0ms
13 timing config:load:global Completed in 0ms
14 timing config:load:setEnvs Completed in 1ms
15 timing config:load Completed in 10ms
16 timing npm:load:configload Completed in 10ms
17 timing config:load:flatten Completed in 2ms
18 timing npm:load:mkdirpcache Completed in 2ms
19 timing npm:load:mkdirplogs Completed in 2ms
20 verbose title npm run dev
21 verbose argv "run" "dev"
22 timing npm:load:setTitle Completed in 0ms
23 timing npm:load:display Completed in 1ms
24 verbose logfile logs-max:10 dir:/root/.npm/_logs/2026-03-30T15_58_01_003Z-
25 verbose logfile /root/.npm/_logs/2026-03-30T15_58_01_003Z-debug-0.log
26 timing npm:load:logFile Completed in 11ms
27 timing npm:load:timers Completed in 0ms
28 timing npm:load:configScope Completed in 0ms
29 timing npm:load Completed in 38ms
30 silly logfile done cleaning log files
31 timing command:run Completed in 44983ms
32 verbose stack Error: command failed
32 verbose stack     at ChildProcess.<anonymous> (/usr/local/lib/node_modules/npm/node_modules/@npmcli/promise-spawn/lib/index.js:53:27)
32 verbose stack     at ChildProcess.emit (node:events:518:28)
32 verbose stack     at maybeClose (node:internal/child_process:1105:16)
32 verbose stack     at ChildProcess._handle.onexit (node:internal/child_process:305:5)
33 verbose pkgid javascript-fastify-blog@0.1.0
34 verbose cwd /root
35 verbose Linux 6.6.87.2-microsoft-standard-WSL2
36 verbose node v20.12.2
37 verbose npm  v10.5.0
38 error path /root
39 error command failed
40 error signal SIGINT
41 error command sh -c fastify start -a 0.0.0.0 -p 8080 server/plugin.js -l debug -P -o
42 verbose exit 1
43 timing npm Completed in 45054ms
44 verbose code 1
45 error A complete log of this run can be found in: /root/.npm/_logs/2026-03-30T15_58_01_003Z-debug-0.log
